// Jest Snapshot v1, https://goo.gl/fbAQLP

exports[`renders loading state 1`] = `
<div>
  <div
    class="grid grid-template"
  >
    <div
      class="bg-gray-100 fixed flex justify-center p-4 z-10 transition-fast transition-ease-in-out css-1x9gb4u"
    >
      <input
        aria-label="Find a movie you love"
        class="font-header border-b-2 border-gray-400 focus:border-teal-400 outline-none p-3 pl-12 text-3xl bg-transparent bg-no-repeat transition-fast transition-ease-in-out css-ctpkuz"
        placeholder="Find a movie you love"
        type="text"
        value="batman"
      />
    </div>
    <div
      class="grid-template-center"
    >
      <div
        class="grid mt-32 md:mt-48 css-nfkm8s"
      >
        <div
          class="flex items-center flex-col"
        >
          <div
            class="rounded bg-gray-200 h-80 w-full"
          />
          <div
            class="rounded bg-gray-200 h-5 mt-4 w-4/5"
          />
        </div>
        <div
          class="flex items-center flex-col"
        >
          <div
            class="rounded bg-gray-200 h-80 w-full"
          />
          <div
            class="rounded bg-gray-200 h-5 mt-4 w-4/5"
          />
        </div>
        <div
          class="flex items-center flex-col"
        >
          <div
            class="rounded bg-gray-200 h-80 w-full"
          />
          <div
            class="rounded bg-gray-200 h-5 mt-4 w-4/5"
          />
        </div>
        <div
          class="flex items-center flex-col"
        >
          <div
            class="rounded bg-gray-200 h-80 w-full"
          />
          <div
            class="rounded bg-gray-200 h-5 mt-4 w-4/5"
          />
        </div>
        <div
          class="flex items-center flex-col"
        >
          <div
            class="rounded bg-gray-200 h-80 w-full"
          />
          <div
            class="rounded bg-gray-200 h-5 mt-4 w-4/5"
          />
        </div>
        <div
          class="flex items-center flex-col"
        >
          <div
            class="rounded bg-gray-200 h-80 w-full"
          />
          <div
            class="rounded bg-gray-200 h-5 mt-4 w-4/5"
          />
        </div>
        <div
          class="flex items-center flex-col"
        >
          <div
            class="rounded bg-gray-200 h-80 w-full"
          />
          <div
            class="rounded bg-gray-200 h-5 mt-4 w-4/5"
          />
        </div>
        <div
          class="flex items-center flex-col"
        >
          <div
            class="rounded bg-gray-200 h-80 w-full"
          />
          <div
            class="rounded bg-gray-200 h-5 mt-4 w-4/5"
          />
        </div>
        <div
          class="flex items-center flex-col"
        >
          <div
            class="rounded bg-gray-200 h-80 w-full"
          />
          <div
            class="rounded bg-gray-200 h-5 mt-4 w-4/5"
          />
        </div>
        <div
          class="flex items-center flex-col"
        >
          <div
            class="rounded bg-gray-200 h-80 w-full"
          />
          <div
            class="rounded bg-gray-200 h-5 mt-4 w-4/5"
          />
        </div>
        <div
          class="flex items-center flex-col"
        >
          <div
            class="rounded bg-gray-200 h-80 w-full"
          />
          <div
            class="rounded bg-gray-200 h-5 mt-4 w-4/5"
          />
        </div>
        <div
          class="flex items-center flex-col"
        >
          <div
            class="rounded bg-gray-200 h-80 w-full"
          />
          <div
            class="rounded bg-gray-200 h-5 mt-4 w-4/5"
          />
        </div>
      </div>
    </div>
  </div>
</div>
`;
