// Jest Snapshot v1, https://goo.gl/fbAQLP

exports[`renders loading state 1`] = `
<div>
  <div
    class="grid grid-template"
  >
    <div
      class="bg-gray-100 fixed flex justify-center p-4 css-risduc"
    >
      <input
        aria-label="Find a movie you love"
        class="font-header border-b-2 border-gray-400 focus:border-teal-400 outline-none css-y4ccc"
        placeholder="Find a movie you love"
        type="text"
        value="batman"
      />
    </div>
    <div
      class="grid-template-center"
    >
      <div
        class="css-1ew1t1i"
      >
        <div
          class="flex items-center flex-col"
        >
          <div
            class="rounded bg-gray-200 h-80"
          />
          <div
            class="rounded bg-gray-200 h-5 mt-4 w-4/5"
          />
        </div>
        <div
          class="flex items-center flex-col"
        >
          <div
            class="rounded bg-gray-200 h-80"
          />
          <div
            class="rounded bg-gray-200 h-5 mt-4 w-4/5"
          />
        </div>
        <div
          class="flex items-center flex-col"
        >
          <div
            class="rounded bg-gray-200 h-80"
          />
          <div
            class="rounded bg-gray-200 h-5 mt-4 w-4/5"
          />
        </div>
        <div
          class="flex items-center flex-col"
        >
          <div
            class="rounded bg-gray-200 h-80"
          />
          <div
            class="rounded bg-gray-200 h-5 mt-4 w-4/5"
          />
        </div>
        <div
          class="flex items-center flex-col"
        >
          <div
            class="rounded bg-gray-200 h-80"
          />
          <div
            class="rounded bg-gray-200 h-5 mt-4 w-4/5"
          />
        </div>
        <div
          class="flex items-center flex-col"
        >
          <div
            class="rounded bg-gray-200 h-80"
          />
          <div
            class="rounded bg-gray-200 h-5 mt-4 w-4/5"
          />
        </div>
        <div
          class="flex items-center flex-col"
        >
          <div
            class="rounded bg-gray-200 h-80"
          />
          <div
            class="rounded bg-gray-200 h-5 mt-4 w-4/5"
          />
        </div>
        <div
          class="flex items-center flex-col"
        >
          <div
            class="rounded bg-gray-200 h-80"
          />
          <div
            class="rounded bg-gray-200 h-5 mt-4 w-4/5"
          />
        </div>
        <div
          class="flex items-center flex-col"
        >
          <div
            class="rounded bg-gray-200 h-80"
          />
          <div
            class="rounded bg-gray-200 h-5 mt-4 w-4/5"
          />
        </div>
        <div
          class="flex items-center flex-col"
        >
          <div
            class="rounded bg-gray-200 h-80"
          />
          <div
            class="rounded bg-gray-200 h-5 mt-4 w-4/5"
          />
        </div>
        <div
          class="flex items-center flex-col"
        >
          <div
            class="rounded bg-gray-200 h-80"
          />
          <div
            class="rounded bg-gray-200 h-5 mt-4 w-4/5"
          />
        </div>
        <div
          class="flex items-center flex-col"
        >
          <div
            class="rounded bg-gray-200 h-80"
          />
          <div
            class="rounded bg-gray-200 h-5 mt-4 w-4/5"
          />
        </div>
      </div>
    </div>
  </div>
</div>
`;
