// Jest Snapshot v1, https://goo.gl/fbAQLP

exports[`handles app render 1`] = `
<div>
  <div
    role="group"
    style="outline: none;"
    tabindex="-1"
  >
    <div
      class="grid grid-template"
    >
      <div
        class="bg-gray-100 fixed flex justify-center p-4 z-10 transition-fast transition-ease-in-out css-19vshoa"
      >
        <input
          aria-label="Find a movie you love"
          class="font-header border-b-2 border-gray-400 focus:border-teal-400 outline-none p-3 pl-12 text-3xl bg-transparent bg-no-repeat transition-fast transition-ease-in-out css-ctpkuz"
          placeholder="Find a movie you love"
          type="text"
          value=""
        />
      </div>
      <div
        class="grid-template-center"
      >
        <div
          class="grid mt-32 md:mt-48 css-nfkm8s"
        />
      </div>
    </div>
  </div>
</div>
`;
